// Vitest Snapshot v1, https://vitest.dev/guide/snapshot.html

exports[`members > should match snapshot 1`] = `
{
  "CacheStore": [Function],
  "FetchConfigProvider": [Function],
  "IndexedDBStore": [Function],
  "MemoryStore": [Function],
  "StorageStore": [Function],
  "useFetch": [Function],
  "useFetchConfig": [Function],
}
`;
